// Jest Snapshot v1, https://goo.gl/fbAQLP

exports[`Button Basic 1`] = `
<div class="md-example-child md-example-child-button md-example-child-button-0"><button type="button" class="md-button md-button--default md-button--active md-button--block">
    <div class="md-button_inner">
      <!---->
      <p class="md-button_content">Default</p>
    </div>
  </button> <button type="button" disabled="disabled" class="md-button md-button--default md-button--inactive md-button--block">
    <div class="md-button_inner">
      <!---->
      <p class="md-button_content">Default Inactive</p>
    </div>
  </button> <button type="button" class="md-button md-button--primary md-button--active md-button--block">
    <div class="md-button_inner">
      <!---->
      <p class="md-button_content">Primary</p>
    </div>
  </button> <button type="button" disabled="disabled" class="md-button md-button--primary md-button--inactive md-button--block">
    <div class="md-button_inner">
      <!---->
      <p class="md-button_content">Primary Inactive</p>
    </div>
  </button> <button type="button" class="md-button md-button--primary md-button--active md-button--block">
    <div class="md-button_inner">
      <p class="md-button_content">Loading</p>
    </div>
  </button> <button type="button" class="md-button md-button--warning md-button--active md-button--block">
    <div class="md-button_inner">
      <!---->
      <p class="md-button_content">Warning</p>
    </div>
  </button> <button type="button" disabled="disabled" class="md-button md-button--warning md-button--inactive md-button--block">
    <div class="md-button_inner">
      <!---->
      <p class="md-button_content">Warning Inactive</p>
    </div>
  </button> <button type="button" disabled="disabled" class="md-button md-button--disabled md-button--active md-button--block">
    <div class="md-button_inner">
      <!---->
      <p class="md-button_content">Disabled</p>
    </div>
  </button></div>
`;

exports[`Button Inline 1`] = `
<div class="md-example-child  md-example-child-button md-example-child-button-3">
  <div class="md-example-section"><button type="button" class="md-button md-button--primary md-button--active md-button--inline">
      <div class="md-button_inner"><i class="md-icon icon-font md-icon-edit edit md" style="color:;"></i>
        <p class="md-button_content">Inline Primary</p>
      </div>
    </button> <button type="button" class="md-button md-button--primary md-button--active md-button--inline md-button--plain">
      <div class="md-button_inner">
        <!---->
        <p class="md-button_content">Inline Plain</p>
      </div>
    </button></div>
  <div class="md-example-section"><button type="button" class="md-button md-button--warning md-button--active md-button--inline md-button--small">
      <div class="md-button_inner">
        <!---->
        <p class="md-button_content">Warning</p>
      </div>
    </button> <button type="button" disabled="disabled" class="md-button md-button--disabled md-button--active md-button--inline md-button--small">
      <div class="md-button_inner">
        <!---->
        <p class="md-button_content">Disabled</p>
      </div>
    </button></div>
</div>
`;

exports[`Button Plain 1`] = `
<div class="md-example-child md-example-child-button md-example-child-button-1"><button type="button" class="md-button md-button--default md-button--active md-button--block md-button--plain">
    <div class="md-button_inner">
      <!---->
      <p class="md-button_content">Default &amp; Plain</p>
    </div>
  </button> <button type="button" class="md-button md-button--primary md-button--active md-button--block md-button--plain">
    <div class="md-button_inner">
      <!---->
      <p class="md-button_content">Primary &amp; Plain</p>
    </div>
  </button> <button type="button" class="md-button md-button--warning md-button--active md-button--block md-button--plain">
    <div class="md-button_inner">
      <!---->
      <p class="md-button_content">Warning &amp; Plain</p>
    </div>
  </button> <button type="button" disabled="disabled" class="md-button md-button--disabled md-button--active md-button--block md-button--plain">
    <div class="md-button_inner">
      <!---->
      <p class="md-button_content">Disabled &amp; Plain</p>
    </div>
  </button> <button type="button" class="md-button md-button--primary md-button--active md-button--block md-button--round md-button--plain">
    <div class="md-button_inner">
      <!---->
      <p class="md-button_content">Primary &amp; Plain &amp; Round</p>
    </div>
  </button> <button type="button" class="md-button md-button--primary md-button--active md-button--block md-button--round md-button--plain">
    <div class="md-button_inner">
      <p class="md-button_content">Primary &amp; Plain &amp; Loading</p>
    </div>
  </button></div>
`;

exports[`Button Round 1`] = `
<div class="md-example-child md-example-child-button md-example-child-button-2"><button type="button" class="md-button md-button--default md-button--active md-button--block md-button--round">
    <div class="md-button_inner">
      <!---->
      <p class="md-button_content">Default &amp; Round</p>
    </div>
  </button> <button type="button" class="md-button md-button--primary md-button--active md-button--block md-button--round">
    <div class="md-button_inner">
      <!---->
      <p class="md-button_content">Primary &amp; Round</p>
    </div>
  </button> <button type="button" class="md-button md-button--warning md-button--active md-button--block md-button--round">
    <div class="md-button_inner">
      <!---->
      <p class="md-button_content">Warning &amp; Round</p>
    </div>
  </button> <button type="button" disabled="disabled" class="md-button md-button--disabled md-button--active md-button--block md-button--round">
    <div class="md-button_inner">
      <!---->
      <p class="md-button_content">Disabled &amp; Round</p>
    </div>
  </button></div>
`;

exports[`Button Text link 1`] = `
<div class="md-example-child  md-example-child-button md-example-child-button-3"><button type="button" class="md-button md-button--link md-button--active md-button--block">
    <div class="md-button_inner"><i class="md-icon icon-font md-icon-message message md" style="color:;"></i>
      <p class="md-button_content">评论</p>
    </div>
  </button> <button type="button" disabled="disabled" class="md-button md-button--link md-button--inactive md-button--block">
    <div class="md-button_inner">
      <!---->
      <p class="md-button_content">去看看<i class="md-icon icon-font md-icon-arrow-right arrow-right md" style="color:;"></i></p>
    </div>
  </button></div>
`;
